// Jest Snapshot v1, https://goo.gl/fbAQLP

exports[`schema2 1`] = `
{
  "components": {
    "schemas": {
      "V2Response": {
        "additionalProperties": false,
        "properties": {
          "foo": {
            "type": "string",
          },
        },
        "required": [
          "foo",
        ],
        "type": "object",
      },
    },
  },
  "info": {
    "description": "",
    "title": "Api",
    "version": "",
  },
  "openapi": "3.0.3",
  "paths": {
    "/v2": {
      "get": {
        "operationId": "string",
        "responses": {
          "200": {
            "content": {
              "application/json": {
                "schema": {
                  "additionalProperties": false,
                  "properties": {
                    "foo": {
                      "type": "string",
                    },
                  },
                  "required": [
                    "foo",
                  ],
                  "type": "object",
                },
              },
            },
            "description": "Default Response",
          },
        },
        "tags": [
          "v2",
        ],
      },
    },
  },
}
`;
